C:\Users\LiChe>docker run --rm hello-world

Hello from Docker!
This message shows that your installation appears to be working correctly.

To generate this message, Docker took the following steps:
 1. The Docker client contacted the Docker daemon.
 2. The Docker daemon pulled the "hello-world" image from the Docker Hub.
    (amd64)
 3. The Docker daemon created a new container from that image which runs the
    executable that produces the output you are currently reading.
 4. The Docker daemon streamed that output to the Docker client, which sent it
    to your terminal.

To try something more ambitious, you can run an Ubuntu container with:
 $ docker run -it ubuntu bash

Share images, automate workflows, and more with a free Docker ID:
 https://hub.docker.com/

For more examples and ideas, visit:
 https://docs.docker.com/get-started/


C:\Users\LiChe>docker ps -a
CONTAINER ID   IMAGE     COMMAND   CREATED   STATUS    PORTS     NAMES

C:\Users\LiChe>docker run -it ubuntu bash
root@df93f2b96a5e:/# ls
bin  boot  dev  etc  home  lib  lib32  lib64  libx32  media  mnt  opt  proc  root  run  sbin  srv  sys  tmp  usr  var
root@df93f2b96a5e:/# exit
exit

C:\Users\LiChe>docker ps -a
CONTAINER ID   IMAGE     COMMAND   CREATED         STATUS                      PORTS     NAMES
df93f2b96a5e   ubuntu    "bash"    2 minutes ago   Exited (0) 15 seconds ago             focused_ptolemy

C:\Users\LiChe>docker rm df93f2b96a5e
df93f2b96a5e

C:\Users\LiChe>docker run --name ubuntu_container -dt ubuntu bash
51aa87989387d15c5f2fcdf426612be927a9c9a2f601cd981c330385bb2b8311

C:\Users\LiChe>docker ps
CONTAINER ID   IMAGE     COMMAND   CREATED          STATUS          PORTS     NAMES
51aa87989387   ubuntu    "bash"    14 seconds ago   Up 13 seconds             ubuntu_container

C:\Users\LiChe>docker rm ubuntu_container
Error response from daemon: You cannot remove a running container 51aa87989387d15c5f2fcdf426612be927a9c9a2f601cd981c330385bb2b8311. Stop the container before attempting removal or force remove

C:\Users\LiChe>docker rm -f uvuntu_container
Error: No such container: uvuntu_container

C:\Users\LiChe>docker rm -f ubuntu_container
ubuntu_container